[book]
authors = ["Tom Milligan"]
language = "en"
multilingual = false
src = "src"
title = "mdbook-admonish-integration"

[preprocessor]

[preprocessor.admonish]
command = "mdbook-admonish"
assets_version = "2.0.2" # do not edit: managed by `mdbook-admonish install`
after = ["links"]

[preprocessor.admonish.renderer.test]
render_mode = "strip"

[output]

[output.html]
additional-css = ["./mdbook-admonish.css"]
